# Pause before starting manifests to allow K8S time to fully initialize
+60

# Prometheus

# Add the official community repo
>helm repo add prometheus-community https://prometheus-community.github.io/helm-charts

# Download the latest chart listings
> helm repo update

# Install prometheus
> helm install prometheus prometheus-community/prometheus -f https://raw.githubusercontent.com/kasbench/globeco-observability/v1.1.5/k8s_aws/values_prometheus.yaml -n monitoring
prometheus-server-ext.yaml

# Elasticsearch
elasticsearch-pvc.yaml
elasticsearch-deployment.yaml
elasticsearch-service.yaml

# Jaeger
jaeger-config.yaml
jaeger-v2-elasticsearch.yaml
jaeger-service.yaml

# OpenTelemetry Collector
>kubectl apply -f https://github.com/cert-manager/cert-manager/releases/latest/download/cert-manager.yaml
# Wait for it to be ready before installing the operator
>kubectl wait --for=condition=Available deployment --all -n cert-manager --timeout=360s
>kubectl apply -f https://github.com/open-telemetry/opentelemetry-operator/releases/latest/download/opentelemetry-operator.yaml
>kubectl wait --for=condition=Available deployment/opentelemetry-operator-controller-manager -n opentelemetry-operator-system --timeout=360s
otel-collector-cluster-deployment.yaml
+30
otel-collector-daemonset.yaml

# Metrics Server
metrics_server_deployment.yaml

# Pause to let Prometheus and the OpenTelemetry collectors to start fully
+60

